// Jest Snapshot v1, https://goo.gl/fbAQLP

exports[`<ExtensionMobileView /> renders correctly 1`] = `
ShallowWrapper {
  "length": 1,
  Symbol(enzyme.__root__): [Circular],
  Symbol(enzyme.__unrendered__): <ExtensionMobileView
    bindIframeToParent={[Function]}
    channelId="twitch"
    configuration={Object {}}
    extension={
        Object {
            "authorName": "test",
            "bitsEnabled": false,
            "clientId": "mockClientId",
            "description": "description",
            "hasChatSupport": false,
            "iconUrl": "iconUrl",
            "iconUrls": Object {
              "square100": "100x100",
            },
            "id": "id",
            "name": "name",
            "requestIdentityLink": false,
            "sku": "sku",
            "state": "Released",
            "summary": "summary",
            "token": "token",
            "vendorCode": "vendorCode",
            "version": "0.1",
            "views": Object {
              "component": Object {
                "aspectHeight": 3000,
                "aspectWidth": 2500,
                "canLinkExternalContent": false,
                "viewerUrl": "https://test:8080",
                "zoom": false,
                "zoomPixels": 100,
              },
              "config": Object {
                "canLinkExternalContent": false,
                "viewerUrl": "https://test:8080",
              },
              "liveConfig": Object {
                "canLinkExternalContent": false,
                "viewerUrl": "https://test:8080",
              },
              "mobile": Object {
                "viewerUrl": "https://test:8080",
              },
              "panel": Object {
                "canLinkExternalContent": false,
                "height": 300,
                "viewerUrl": "https://test:8080",
              },
              "videoOverlay": Object {
                "canLinkExternalContent": false,
                "viewerUrl": "https://test:8080",
              },
            },
            "whitelistedConfigUrls": Array [
              "foo",
            ],
            "whitelistedPanelUrls": Array [
              "bar",
            ],
          }
    }
    frameSize={
        Object {
            "height": 100,
            "width": 100,
          }
    }
    id="0"
    installationAbilities={
        Object {
            "isChatEnabled": true,
          }
    }
    isLocal={false}
    orientation="Portrait"
    position={
        Object {
            "x": 0,
            "y": 0,
          }
    }
    role="viewer"
/>,
  Symbol(enzyme.__renderer__): Object {
    "batchedUpdates": [Function],
    "getNode": [Function],
    "render": [Function],
    "simulateEvent": [Function],
    "unmount": [Function],
  },
  Symbol(enzyme.__node__): Object {
    "instance": null,
    "key": undefined,
    "nodeType": "host",
    "props": Object {
      "children": <div
        style={
                Object {
                        "bottom": "0",
                        "height": "65px",
                        "position": "absolute",
                        "width": "100px",
                      }
        }
>
        <ExtensionFrame
                bindIframeToParent={[Function]}
                channelId="twitch"
                className="view"
                configuration={Object {}}
                extension={
                        Object {
                                "authorName": "test",
                                "bitsEnabled": false,
                                "clientId": "mockClientId",
                                "description": "description",
                                "hasChatSupport": false,
                                "iconUrl": "iconUrl",
                                "iconUrls": Object {
                                  "square100": "100x100",
                                },
                                "id": "id",
                                "name": "name",
                                "requestIdentityLink": false,
                                "sku": "sku",
                                "state": "Released",
                                "summary": "summary",
                                "token": "token",
                                "vendorCode": "vendorCode",
                                "version": "0.1",
                                "views": Object {
                                  "component": Object {
                                    "aspectHeight": 3000,
                                    "aspectWidth": 2500,
                                    "canLinkExternalContent": false,
                                    "viewerUrl": "https://test:8080",
                                    "zoom": false,
                                    "zoomPixels": 100,
                                  },
                                  "config": Object {
                                    "canLinkExternalContent": false,
                                    "viewerUrl": "https://test:8080",
                                  },
                                  "liveConfig": Object {
                                    "canLinkExternalContent": false,
                                    "viewerUrl": "https://test:8080",
                                  },
                                  "mobile": Object {
                                    "viewerUrl": "https://test:8080",
                                  },
                                  "panel": Object {
                                    "canLinkExternalContent": false,
                                    "height": 300,
                                    "viewerUrl": "https://test:8080",
                                  },
                                  "videoOverlay": Object {
                                    "canLinkExternalContent": false,
                                    "viewerUrl": "https://test:8080",
                                  },
                                },
                                "whitelistedConfigUrls": Array [
                                  "foo",
                                ],
                                "whitelistedPanelUrls": Array [
                                  "bar",
                                ],
                              }
                }
                frameId="frameid-0"
                installationAbilities={
                        Object {
                                "isChatEnabled": true,
                              }
                }
                isLocal={false}
                isPopout={false}
                mode="viewer"
                type="mobile"
        />
</div>,
      "className": "view component-view",
      "style": Object {
        "background": "#322F37",
        "height": "100px",
        "width": "100px",
      },
    },
    "ref": null,
    "rendered": Object {
      "instance": null,
      "key": undefined,
      "nodeType": "host",
      "props": Object {
        "children": <ExtensionFrame
          bindIframeToParent={[Function]}
          channelId="twitch"
          className="view"
          configuration={Object {}}
          extension={
                    Object {
                              "authorName": "test",
                              "bitsEnabled": false,
                              "clientId": "mockClientId",
                              "description": "description",
                              "hasChatSupport": false,
                              "iconUrl": "iconUrl",
                              "iconUrls": Object {
                                "square100": "100x100",
                              },
                              "id": "id",
                              "name": "name",
                              "requestIdentityLink": false,
                              "sku": "sku",
                              "state": "Released",
                              "summary": "summary",
                              "token": "token",
                              "vendorCode": "vendorCode",
                              "version": "0.1",
                              "views": Object {
                                "component": Object {
                                  "aspectHeight": 3000,
                                  "aspectWidth": 2500,
                                  "canLinkExternalContent": false,
                                  "viewerUrl": "https://test:8080",
                                  "zoom": false,
                                  "zoomPixels": 100,
                                },
                                "config": Object {
                                  "canLinkExternalContent": false,
                                  "viewerUrl": "https://test:8080",
                                },
                                "liveConfig": Object {
                                  "canLinkExternalContent": false,
                                  "viewerUrl": "https://test:8080",
                                },
                                "mobile": Object {
                                  "viewerUrl": "https://test:8080",
                                },
                                "panel": Object {
                                  "canLinkExternalContent": false,
                                  "height": 300,
                                  "viewerUrl": "https://test:8080",
                                },
                                "videoOverlay": Object {
                                  "canLinkExternalContent": false,
                                  "viewerUrl": "https://test:8080",
                                },
                              },
                              "whitelistedConfigUrls": Array [
                                "foo",
                              ],
                              "whitelistedPanelUrls": Array [
                                "bar",
                              ],
                            }
          }
          frameId="frameid-0"
          installationAbilities={
                    Object {
                              "isChatEnabled": true,
                            }
          }
          isLocal={false}
          isPopout={false}
          mode="viewer"
          type="mobile"
/>,
        "style": Object {
          "bottom": "0",
          "height": "65px",
          "position": "absolute",
          "width": "100px",
        },
      },
      "ref": null,
      "rendered": Object {
        "instance": null,
        "key": undefined,
        "nodeType": "class",
        "props": Object {
          "bindIframeToParent": [Function],
          "channelId": "twitch",
          "className": "view",
          "configuration": Object {},
          "extension": Object {
            "authorName": "test",
            "bitsEnabled": false,
            "clientId": "mockClientId",
            "description": "description",
            "hasChatSupport": false,
            "iconUrl": "iconUrl",
            "iconUrls": Object {
              "square100": "100x100",
            },
            "id": "id",
            "name": "name",
            "requestIdentityLink": false,
            "sku": "sku",
            "state": "Released",
            "summary": "summary",
            "token": "token",
            "vendorCode": "vendorCode",
            "version": "0.1",
            "views": Object {
              "component": Object {
                "aspectHeight": 3000,
                "aspectWidth": 2500,
                "canLinkExternalContent": false,
                "viewerUrl": "https://test:8080",
                "zoom": false,
                "zoomPixels": 100,
              },
              "config": Object {
                "canLinkExternalContent": false,
                "viewerUrl": "https://test:8080",
              },
              "liveConfig": Object {
                "canLinkExternalContent": false,
                "viewerUrl": "https://test:8080",
              },
              "mobile": Object {
                "viewerUrl": "https://test:8080",
              },
              "panel": Object {
                "canLinkExternalContent": false,
                "height": 300,
                "viewerUrl": "https://test:8080",
              },
              "videoOverlay": Object {
                "canLinkExternalContent": false,
                "viewerUrl": "https://test:8080",
              },
            },
            "whitelistedConfigUrls": Array [
              "foo",
            ],
            "whitelistedPanelUrls": Array [
              "bar",
            ],
          },
          "frameId": "frameid-0",
          "installationAbilities": Object {
            "isChatEnabled": true,
          },
          "isLocal": false,
          "isPopout": false,
          "mode": "viewer",
          "type": "mobile",
        },
        "ref": null,
        "rendered": null,
        "type": [Function],
      },
      "type": "div",
    },
    "type": "div",
  },
  Symbol(enzyme.__nodes__): Array [
    Object {
      "instance": null,
      "key": undefined,
      "nodeType": "host",
      "props": Object {
        "children": <div
          style={
                    Object {
                              "bottom": "0",
                              "height": "65px",
                              "position": "absolute",
                              "width": "100px",
                            }
          }
>
          <ExtensionFrame
                    bindIframeToParent={[Function]}
                    channelId="twitch"
                    className="view"
                    configuration={Object {}}
                    extension={
                              Object {
                                        "authorName": "test",
                                        "bitsEnabled": false,
                                        "clientId": "mockClientId",
                                        "description": "description",
                                        "hasChatSupport": false,
                                        "iconUrl": "iconUrl",
                                        "iconUrls": Object {
                                          "square100": "100x100",
                                        },
                                        "id": "id",
                                        "name": "name",
                                        "requestIdentityLink": false,
                                        "sku": "sku",
                                        "state": "Released",
                                        "summary": "summary",
                                        "token": "token",
                                        "vendorCode": "vendorCode",
                                        "version": "0.1",
                                        "views": Object {
                                          "component": Object {
                                            "aspectHeight": 3000,
                                            "aspectWidth": 2500,
                                            "canLinkExternalContent": false,
                                            "viewerUrl": "https://test:8080",
                                            "zoom": false,
                                            "zoomPixels": 100,
                                          },
                                          "config": Object {
                                            "canLinkExternalContent": false,
                                            "viewerUrl": "https://test:8080",
                                          },
                                          "liveConfig": Object {
                                            "canLinkExternalContent": false,
                                            "viewerUrl": "https://test:8080",
                                          },
                                          "mobile": Object {
                                            "viewerUrl": "https://test:8080",
                                          },
                                          "panel": Object {
                                            "canLinkExternalContent": false,
                                            "height": 300,
                                            "viewerUrl": "https://test:8080",
                                          },
                                          "videoOverlay": Object {
                                            "canLinkExternalContent": false,
                                            "viewerUrl": "https://test:8080",
                                          },
                                        },
                                        "whitelistedConfigUrls": Array [
                                          "foo",
                                        ],
                                        "whitelistedPanelUrls": Array [
                                          "bar",
                                        ],
                                      }
                    }
                    frameId="frameid-0"
                    installationAbilities={
                              Object {
                                        "isChatEnabled": true,
                                      }
                    }
                    isLocal={false}
                    isPopout={false}
                    mode="viewer"
                    type="mobile"
          />
</div>,
        "className": "view component-view",
        "style": Object {
          "background": "#322F37",
          "height": "100px",
          "width": "100px",
        },
      },
      "ref": null,
      "rendered": Object {
        "instance": null,
        "key": undefined,
        "nodeType": "host",
        "props": Object {
          "children": <ExtensionFrame
            bindIframeToParent={[Function]}
            channelId="twitch"
            className="view"
            configuration={Object {}}
            extension={
                        Object {
                                    "authorName": "test",
                                    "bitsEnabled": false,
                                    "clientId": "mockClientId",
                                    "description": "description",
                                    "hasChatSupport": false,
                                    "iconUrl": "iconUrl",
                                    "iconUrls": Object {
                                      "square100": "100x100",
                                    },
                                    "id": "id",
                                    "name": "name",
                                    "requestIdentityLink": false,
                                    "sku": "sku",
                                    "state": "Released",
                                    "summary": "summary",
                                    "token": "token",
                                    "vendorCode": "vendorCode",
                                    "version": "0.1",
                                    "views": Object {
                                      "component": Object {
                                        "aspectHeight": 3000,
                                        "aspectWidth": 2500,
                                        "canLinkExternalContent": false,
                                        "viewerUrl": "https://test:8080",
                                        "zoom": false,
                                        "zoomPixels": 100,
                                      },
                                      "config": Object {
                                        "canLinkExternalContent": false,
                                        "viewerUrl": "https://test:8080",
                                      },
                                      "liveConfig": Object {
                                        "canLinkExternalContent": false,
                                        "viewerUrl": "https://test:8080",
                                      },
                                      "mobile": Object {
                                        "viewerUrl": "https://test:8080",
                                      },
                                      "panel": Object {
                                        "canLinkExternalContent": false,
                                        "height": 300,
                                        "viewerUrl": "https://test:8080",
                                      },
                                      "videoOverlay": Object {
                                        "canLinkExternalContent": false,
                                        "viewerUrl": "https://test:8080",
                                      },
                                    },
                                    "whitelistedConfigUrls": Array [
                                      "foo",
                                    ],
                                    "whitelistedPanelUrls": Array [
                                      "bar",
                                    ],
                                  }
            }
            frameId="frameid-0"
            installationAbilities={
                        Object {
                                    "isChatEnabled": true,
                                  }
            }
            isLocal={false}
            isPopout={false}
            mode="viewer"
            type="mobile"
/>,
          "style": Object {
            "bottom": "0",
            "height": "65px",
            "position": "absolute",
            "width": "100px",
          },
        },
        "ref": null,
        "rendered": Object {
          "instance": null,
          "key": undefined,
          "nodeType": "class",
          "props": Object {
            "bindIframeToParent": [Function],
            "channelId": "twitch",
            "className": "view",
            "configuration": Object {},
            "extension": Object {
              "authorName": "test",
              "bitsEnabled": false,
              "clientId": "mockClientId",
              "description": "description",
              "hasChatSupport": false,
              "iconUrl": "iconUrl",
              "iconUrls": Object {
                "square100": "100x100",
              },
              "id": "id",
              "name": "name",
              "requestIdentityLink": false,
              "sku": "sku",
              "state": "Released",
              "summary": "summary",
              "token": "token",
              "vendorCode": "vendorCode",
              "version": "0.1",
              "views": Object {
                "component": Object {
                  "aspectHeight": 3000,
                  "aspectWidth": 2500,
                  "canLinkExternalContent": false,
                  "viewerUrl": "https://test:8080",
                  "zoom": false,
                  "zoomPixels": 100,
                },
                "config": Object {
                  "canLinkExternalContent": false,
                  "viewerUrl": "https://test:8080",
                },
                "liveConfig": Object {
                  "canLinkExternalContent": false,
                  "viewerUrl": "https://test:8080",
                },
                "mobile": Object {
                  "viewerUrl": "https://test:8080",
                },
                "panel": Object {
                  "canLinkExternalContent": false,
                  "height": 300,
                  "viewerUrl": "https://test:8080",
                },
                "videoOverlay": Object {
                  "canLinkExternalContent": false,
                  "viewerUrl": "https://test:8080",
                },
              },
              "whitelistedConfigUrls": Array [
                "foo",
              ],
              "whitelistedPanelUrls": Array [
                "bar",
              ],
            },
            "frameId": "frameid-0",
            "installationAbilities": Object {
              "isChatEnabled": true,
            },
            "isLocal": false,
            "isPopout": false,
            "mode": "viewer",
            "type": "mobile",
          },
          "ref": null,
          "rendered": null,
          "type": [Function],
        },
        "type": "div",
      },
      "type": "div",
    },
  ],
  Symbol(enzyme.__options__): Object {
    "adapter": ReactSixteenAdapter {
      "options": Object {
        "enableComponentDidUpdateOnSetState": true,
      },
    },
  },
}
`;
